// Jest Snapshot v1, https://goo.gl/fbAQLP

exports[`Should render Login page 1`] = `
<div>
  <h3>
    Expensify
  </h3>
  <button
    onClick={[Function]}
  >
    Login
  </button>
</div>
`;
